2026-09-01 16:26:57,420 [INFO] eRTMAC_NWIS - Building wells master data...
2026-09-01 16:26:57,421 [INFO] eRTMAC_NWIS - No well data found in raw/. Supplying synthetic Volve defaults...
2026-09-01 16:26:57,425 [INFO] eRTMAC_NWIS - Successfully generated E:\sih_2026\data\processed\wells_master.csv with 2 records.
2026-09-01 16:26:57,750 [INFO] eRTMAC_NWIS - Building drilling parameters...
2026-09-01 16:26:57,750 [INFO] eRTMAC_NWIS - No raw drilling data found. Generating synthetic data for pipeline validation...
2026-09-01 16:26:57,754 [INFO] eRTMAC_NWIS - Successfully generated E:\sih_2026\data\processed\drilling_params.csv with 5 records.
2026-09-01 16:26:58,374 [INFO] eRTMAC_NWIS - Building historical incidents (events)...
2026-09-01 16:26:58,379 [INFO] eRTMAC_NWIS - Successfully generated E:\sih_2026\data\processed\synthetic_events.csv with 6 events.
2026-09-01 16:27:29,141 [INFO] eRTMAC_NWIS - Building well logs...
2026-09-01 16:27:29,141 [INFO] eRTMAC_NWIS - No raw well logs found. Generating synthetic well log data...
2026-09-01 16:27:29,152 [INFO] eRTMAC_NWIS - Successfully generated E:\sih_2026\data\processed\well_logs.csv with 5 records.
2026-09-01 16:29:23,335 [INFO] eRTMAC_NWIS - Starting Master Pipeline Runner...
2026-09-01 16:29:23,335 [INFO] eRTMAC_NWIS - Executing 01_build_wells_master.py...
2026-09-01 16:29:23,619 [INFO] eRTMAC_NWIS - Building wells master data...
2026-09-01 16:29:23,619 [INFO] eRTMAC_NWIS - No well data found in raw/. Supplying synthetic Volve defaults...
2026-09-01 16:29:23,626 [INFO] eRTMAC_NWIS - Successfully generated E:\sih_2026\data\processed\wells_master.csv with 2 records.
2026-09-01 16:29:23,673 [INFO] eRTMAC_NWIS - Executing 02_build_drilling_params.py...
2026-09-01 16:29:23,961 [INFO] eRTMAC_NWIS - Building drilling parameters...
2026-09-01 16:29:23,961 [INFO] eRTMAC_NWIS - No raw drilling data found. Generating synthetic data for pipeline validation...
2026-09-01 16:29:23,970 [INFO] eRTMAC_NWIS - Successfully generated E:\sih_2026\data\processed\drilling_params.csv with 5 records.
2026-09-01 16:29:24,017 [INFO] eRTMAC_NWIS - Executing 03_build_well_logs.py...
2026-09-01 16:29:24,323 [INFO] eRTMAC_NWIS - Building well logs...
2026-09-01 16:29:24,324 [INFO] eRTMAC_NWIS - No raw well logs found. Generating synthetic well log data...
2026-09-01 16:29:24,330 [INFO] eRTMAC_NWIS - Successfully generated E:\sih_2026\data\processed\well_logs.csv with 5 records.
2026-09-01 16:29:24,385 [INFO] eRTMAC_NWIS - Executing 04_build_events.py...
2026-09-01 16:29:24,677 [INFO] eRTMAC_NWIS - Building historical incidents (events)...
2026-09-01 16:29:24,686 [INFO] eRTMAC_NWIS - Successfully generated E:\sih_2026\data\processed\synthetic_events.csv with 6 events.
2026-09-01 16:29:24,737 [INFO] eRTMAC_NWIS - Starting post-run validation checks...
2026-09-01 16:29:24,747 [INFO] eRTMAC_NWIS - Validation passed successfully. All checks cleared.
2026-09-01 17:01:54,349 [INFO] eRTMAC_NWIS - Initializing database tables...
2026-09-01 17:01:54,414 [INFO] eRTMAC_NWIS - Tables created successfully (or already exist).
2026-09-01 17:01:54,414 [INFO] eRTMAC_NWIS - Ingesting wells_master.csv...
2026-09-01 17:01:54,431 [INFO] eRTMAC_NWIS - Successfully inserted 2 rows into WellMaster.
2026-09-01 17:01:54,431 [INFO] eRTMAC_NWIS - Ingesting drilling_params.csv in chunks...
2026-09-01 17:01:54,438 [INFO] eRTMAC_NWIS -   Inserted 5 rows so far into DrillingParam...
2026-09-01 17:01:54,438 [INFO] eRTMAC_NWIS - Successfully inserted a total of 5 rows into DrillingParam.
2026-09-01 17:01:54,438 [INFO] eRTMAC_NWIS - Ingesting well_logs.csv in chunks...
2026-09-01 17:01:54,442 [INFO] eRTMAC_NWIS -   Inserted 5 rows so far into WellLog...
2026-09-01 17:01:54,443 [INFO] eRTMAC_NWIS - Successfully inserted a total of 5 rows into WellLog.
2026-09-01 17:01:54,443 [INFO] eRTMAC_NWIS - Ingesting synthetic_events.csv in chunks...
2026-09-01 17:01:54,447 [INFO] eRTMAC_NWIS -   Inserted 6 rows so far into SyntheticEvent...
2026-09-01 17:01:54,447 [INFO] eRTMAC_NWIS - Successfully inserted a total of 6 rows into SyntheticEvent.
2026-09-01 17:01:54,447 [INFO] eRTMAC_NWIS - Database seeding process completed.
2026-09-02 00:04:27,089 [INFO] eRTMAC_NWIS - Initializing database tables...
2026-09-02 00:04:27,162 [INFO] eRTMAC_NWIS - Tables created successfully (or already exist).
2026-09-02 00:04:27,162 [INFO] eRTMAC_NWIS - Ingesting wells_master.csv...
2026-09-02 00:04:27,196 [INFO] eRTMAC_NWIS - Successfully inserted 2 rows into WellMaster.
2026-09-02 00:04:27,196 [INFO] eRTMAC_NWIS - Ingesting drilling_params.csv in chunks...
2026-09-02 00:04:27,206 [INFO] eRTMAC_NWIS -   Inserted 5 rows so far into DrillingParam...
2026-09-02 00:04:27,206 [INFO] eRTMAC_NWIS - Successfully inserted a total of 5 rows into DrillingParam.
2026-09-02 00:04:27,207 [INFO] eRTMAC_NWIS - Ingesting well_logs.csv in chunks...
2026-09-02 00:04:27,212 [INFO] eRTMAC_NWIS -   Inserted 5 rows so far into WellLog...
2026-09-02 00:04:27,212 [INFO] eRTMAC_NWIS - Successfully inserted a total of 5 rows into WellLog.
2026-09-02 00:04:27,212 [INFO] eRTMAC_NWIS - Ingesting synthetic_events.csv in chunks...
2026-09-02 00:04:27,217 [INFO] eRTMAC_NWIS -   Inserted 6 rows so far into SyntheticEvent...
2026-09-02 00:04:27,217 [INFO] eRTMAC_NWIS - Successfully inserted a total of 6 rows into SyntheticEvent.
2026-09-02 00:04:27,217 [INFO] eRTMAC_NWIS - Database seeding process completed.
2026-09-02 00:30:06,838 [INFO] eRTMAC_NWIS - Starting Master Pipeline Runner...
2026-09-02 00:30:06,839 [INFO] eRTMAC_NWIS - Executing 01_build_wells_master.py...
2026-09-02 00:30:07,290 [INFO] eRTMAC_NWIS - Building wells master data...
2026-09-02 00:30:07,291 [INFO] eRTMAC_NWIS - No well data found in raw/. Supplying synthetic OIL defaults...
2026-09-02 00:30:07,314 [INFO] eRTMAC_NWIS - Successfully generated E:\sih_2026\data\processed\wells_master.csv with 8 records.
2026-09-02 00:30:07,373 [INFO] eRTMAC_NWIS - Executing 02_build_drilling_params.py...
2026-09-02 00:30:08,697 [INFO] eRTMAC_NWIS - Building drilling parameters...
2026-09-02 00:30:08,697 [INFO] eRTMAC_NWIS - No raw drilling data found. Generating synthetic data for pipeline validation...
2026-09-02 00:30:08,721 [INFO] eRTMAC_NWIS - Successfully generated E:\sih_2026\data\processed\drilling_params.csv with 40 records.
2026-09-02 00:30:08,772 [INFO] eRTMAC_NWIS - Executing 03_build_well_logs.py...
2026-09-02 00:30:09,243 [INFO] eRTMAC_NWIS - Building well logs...
2026-09-02 00:30:09,244 [INFO] eRTMAC_NWIS - No raw well logs found. Generating synthetic well log data...
2026-09-02 00:30:09,253 [INFO] eRTMAC_NWIS - Successfully generated E:\sih_2026\data\processed\well_logs.csv with 40 records.
2026-09-02 00:30:09,304 [INFO] eRTMAC_NWIS - Executing 04_build_events.py...
2026-09-02 00:30:10,622 [INFO] eRTMAC_NWIS - Building historical incidents (events)...
2026-09-02 00:30:10,632 [INFO] eRTMAC_NWIS - Successfully generated E:\sih_2026\data\processed\synthetic_events.csv with 19 events.
2026-09-02 00:30:10,684 [INFO] eRTMAC_NWIS - Starting post-run validation checks...
2026-09-02 00:30:10,698 [INFO] eRTMAC_NWIS - Validation passed successfully. All checks cleared.
2026-09-02 00:34:03,005 [INFO] eRTMAC_NWIS - Initializing database tables...
2026-09-02 00:34:03,043 [ERROR] eRTMAC_NWIS - Failed to create tables. Ensure Postgres is running and extensions (postgis, vector) are installed. Error: (psycopg2.errors.UndefinedObject) type "geometry" does not exist
LINE 9:  surface_location geometry(POINT,4326), 
                          ^

[SQL: 
CREATE TABLE well_master (
	id SERIAL NOT NULL, 
	well_id VARCHAR NOT NULL, 
	field_name VARCHAR, 
	kb_elevation FLOAT, 
	total_depth_tvd FLOAT, 
	spud_date VARCHAR, 
	surface_location geometry(POINT,4326), 
	PRIMARY KEY (id)
)

]
(Background on this error at: https://sqlalche.me/e/20/f405)
2026-09-02 00:35:45,559 [INFO] eRTMAC_NWIS - Initializing database tables...
2026-09-02 00:35:45,626 [INFO] eRTMAC_NWIS - Tables created successfully (or already exist).
2026-09-02 00:35:45,626 [INFO] eRTMAC_NWIS - Ingesting wells_master.csv...
2026-09-02 00:35:45,647 [INFO] eRTMAC_NWIS - Successfully inserted 8 rows into WellMaster.
2026-09-02 00:35:45,647 [INFO] eRTMAC_NWIS - Ingesting drilling_params.csv in chunks...
2026-09-02 00:35:45,659 [INFO] eRTMAC_NWIS -   Inserted 40 rows so far into DrillingParam...
2026-09-02 00:35:45,660 [INFO] eRTMAC_NWIS - Successfully inserted a total of 40 rows into DrillingParam.
2026-09-02 00:35:45,660 [INFO] eRTMAC_NWIS - Ingesting well_logs.csv in chunks...
2026-09-02 00:35:45,665 [INFO] eRTMAC_NWIS -   Inserted 40 rows so far into WellLog...
2026-09-02 00:35:45,666 [INFO] eRTMAC_NWIS - Successfully inserted a total of 40 rows into WellLog.
2026-09-02 00:35:45,666 [INFO] eRTMAC_NWIS - Ingesting synthetic_events.csv in chunks...
2026-09-02 00:35:45,671 [INFO] eRTMAC_NWIS -   Inserted 19 rows so far into SyntheticEvent...
2026-09-02 00:35:45,671 [INFO] eRTMAC_NWIS - Successfully inserted a total of 19 rows into SyntheticEvent.
2026-09-02 00:35:45,671 [INFO] eRTMAC_NWIS - Database seeding process completed.
